// Jest Snapshot v1, https://goo.gl/fbAQLP

exports[`renders learn react link 1`] = `
<DocumentFragment>
  <div>
    <div>
      <div>
        <h2>
          Male
        </h2>
        <ul>
          <li>
            Garfield
          </li>
          <li>
            Jim
          </li>
          <li>
            Max
          </li>
          <li>
            Tom
          </li>
        </ul>
      </div>
      <div>
        <h2>
          Female
        </h2>
        <ul>
          <li>
            Garfield
          </li>
          <li>
            Simba
          </li>
          <li>
            Tabby
          </li>
        </ul>
      </div>
    </div>
  </div>
</DocumentFragment>
`;
